
> frontend@0.0.0 build
> tsc -b && vite build

src/pages/DashboardComprasPage.tsx(11,78): error TS2305: Module '"./common/ui"' has no exported member 'InfoTooltip'.
src/pages/DepositoPage.tsx(62,27): error TS2304: Cannot find name 'useMemo'.
src/pages/DepositoPage.tsx(240,11): error TS6133: 'handleAddPosition' is declared but its value is never read.
src/pages/DepositoPage.tsx(247,21): error TS2322: Type 'number | null' is not assignable to type 'number | undefined'.
  Type 'null' is not assignable to type 'number | undefined'.
src/pages/DepositoPage.tsx(412,106): error TS2322: Type 'number | null' is not assignable to type 'number | undefined'.
  Type 'null' is not assignable to type 'number | undefined'.
src/pages/PedidosCompraPage.tsx(4,5): error TS6133: 'useCreatePurchaseOrderMutation' is declared but its value is never read.
src/pages/PedidosCompraPage.tsx(5,5): error TS6133: 'useDeletePurchaseOrderMutation' is declared but its value is never read.
src/pages/PedidosCompraPage.tsx(17,27): error TS2304: Cannot find name 'useCreateOrderMutation'.
src/pages/PedidosCompraPage.tsx(18,27): error TS2304: Cannot find name 'useDeleteOrderMutation'.
src/pages/RemitosEntradaPage.tsx(24,30): error TS6133: 'isFetchingDetail' is declared but its value is never read.
src/pages/RemitosSalidaPage.tsx(18,29): error TS2304: Cannot find name 'useState'.
src/pages/RemitosSalidaPage.tsx(19,35): error TS2304: Cannot find name 'useState'.
src/pages/RemitosSalidaPage.tsx(20,37): error TS2304: Cannot find name 'useState'.
src/pages/RemitosSalidaPage.tsx(21,41): error TS2304: Cannot find name 'useState'.
src/pages/RemitosSalidaPage.tsx(22,39): error TS2304: Cannot find name 'useState'.
src/pages/RemitosSalidaPage.tsx(23,31): error TS2304: Cannot find name 'useState'.
src/pages/RemitosSalidaPage.tsx(24,29): error TS2304: Cannot find name 'useState'.
src/pages/RemitosSalidaPage.tsx(25,31): error TS2304: Cannot find name 'useState'.
src/pages/RemitosSalidaPage.tsx(26,43): error TS2304: Cannot find name 'useState'.
src/pages/RemitosSalidaPage.tsx(27,33): error TS2304: Cannot find name 'useState'.
src/pages/RemitosSalidaPage.tsx(28,31): error TS2304: Cannot find name 'useState'.
src/pages/RemitosSalidaPage.tsx(29,49): error TS2304: Cannot find name 'useState'.
src/pages/RemitosSalidaPage.tsx(30,41): error TS2304: Cannot find name 'useState'.
src/pages/RemitosSalidaPage.tsx(56,70): error TS7006: Parameter 'l' implicitly has an 'any' type.
src/pages/RemitosSalidaPage.tsx(56,89): error TS7006: Parameter 'l' implicitly has an 'any' type.
src/pages/RemitosSalidaPage.tsx(68,37): error TS7006: Parameter 'l' implicitly has an 'any' type.
src/pages/RemitosSalidaPage.tsx(68,56): error TS7006: Parameter 'l' implicitly has an 'any' type.
src/pages/RemitosSalidaPage.tsx(123,64): error TS7006: Parameter 'p' implicitly has an 'any' type.
src/pages/RemitosSalidaPage.tsx(125,37): error TS7006: Parameter 'l' implicitly has an 'any' type.
src/pages/RemitosSalidaPage.tsx(125,40): error TS7006: Parameter 'i' implicitly has an 'any' type.
src/pages/RemitosSalidaPage.tsx(127,99): error TS7006: Parameter 'p' implicitly has an 'any' type.
src/pages/RemitosSalidaPage.tsx(127,111): error TS7006: Parameter 'x' implicitly has an 'any' type.
src/pages/RemitosSalidaPage.tsx(127,114): error TS7006: Parameter 'j' implicitly has an 'any' type.
src/pages/RemitosSalidaPage.tsx(129,125): error TS7006: Parameter 'p' implicitly has an 'any' type.
src/pages/RemitosSalidaPage.tsx(129,137): error TS7006: Parameter 'x' implicitly has an 'any' type.
src/pages/RemitosSalidaPage.tsx(129,140): error TS7006: Parameter 'j' implicitly has an 'any' type.
src/pages/RemitosSalidaPage.tsx(130,121): error TS7006: Parameter 'p' implicitly has an 'any' type.
src/pages/RemitosSalidaPage.tsx(130,133): error TS7006: Parameter 'x' implicitly has an 'any' type.
src/pages/RemitosSalidaPage.tsx(130,136): error TS7006: Parameter 'j' implicitly has an 'any' type.
src/pages/RemitosSalidaPage.tsx(131,85): error TS7006: Parameter 'p' implicitly has an 'any' type.
src/pages/RemitosSalidaPage.tsx(131,100): error TS7006: Parameter '_' implicitly has an 'any' type.
src/pages/RemitosSalidaPage.tsx(131,103): error TS7006: Parameter 'j' implicitly has an 'any' type.
src/pages/VolumenesDashboardPage.tsx(3,28): error TS6133: 'Spinner' is declared but its value is never read.
