src/entities/auth/api/authApi.ts(23,16): error TS2347: Untyped function calls may not accept type arguments.
src/entities/auth/api/authApi.ts(30,24): error TS2347: Untyped function calls may not accept type arguments.
src/entities/auth/api/authApi.ts(33,19): error TS2347: Untyped function calls may not accept type arguments.
src/entities/auth/api/authApi.ts(37,21): error TS2347: Untyped function calls may not accept type arguments.
src/entities/auth/api/authApi.ts(45,21): error TS2347: Untyped function calls may not accept type arguments.
src/entities/auth/model/authSlice.ts(1,29): error TS2792: Cannot find module '@reduxjs/toolkit'. Did you mean to set the 'moduleResolution' option to 'nodenext', or to add aliases to the 'paths' option?
src/entities/auth/model/authSlice.ts(2,36): error TS2792: Cannot find module '@reduxjs/toolkit'. Did you mean to set the 'moduleResolution' option to 'nodenext', or to add aliases to the 'paths' option?
src/features/depots/api/depots.api.ts(5,20): error TS2347: Untyped function calls may not accept type arguments.
src/features/depots/api/depots.api.ts(12,28): error TS2347: Untyped function calls may not accept type arguments.
src/features/depots/api/depots.api.ts(16,22): error TS2347: Untyped function calls may not accept type arguments.
src/features/depots/api/depots.api.ts(20,22): error TS2347: Untyped function calls may not accept type arguments.
src/features/depots/api/depots.api.ts(39,22): error TS2347: Untyped function calls may not accept type arguments.
src/features/depots/api/depots.api.ts(43,23): error TS2347: Untyped function calls may not accept type arguments.
src/features/depots/api/depots.api.ts(47,25): error TS2347: Untyped function calls may not accept type arguments.
src/features/depots/api/depots.api.ts(51,25): error TS2347: Untyped function calls may not accept type arguments.
src/features/depots/api/depots.api.ts(67,25): error TS2347: Untyped function calls may not accept type arguments.
src/features/depots/api/depots.api.ts(71,22): error TS2347: Untyped function calls may not accept type arguments.
src/features/depots/api/depots.api.ts(75,28): error TS2347: Untyped function calls may not accept type arguments.
src/features/items/api/items.api.ts(5,19): error TS2347: Untyped function calls may not accept type arguments.
src/features/items/api/items.api.ts(6,23): error TS2339: Property 'q' does not exist on type '{}'.
src/features/items/api/items.api.ts(6,26): error TS2339: Property 'categoria' does not exist on type '{}'.
src/features/items/api/items.api.ts(6,37): error TS2339: Property 'boxTypeId' does not exist on type '{}'.
src/features/items/api/items.api.ts(15,21): error TS2347: Untyped function calls may not accept type arguments.
src/features/items/api/items.api.ts(19,21): error TS2347: Untyped function calls may not accept type arguments.
src/features/items/api/items.api.ts(23,28): error TS2347: Untyped function calls may not accept type arguments.
src/features/items/api/items.api.ts(27,21): error TS2347: Untyped function calls may not accept type arguments.
src/features/stock/api/stock.api.ts(5,19): error TS2347: Untyped function calls may not accept type arguments.
src/features/stock/api/stock.api.ts(17,20): error TS2347: Untyped function calls may not accept type arguments.
src/features/stock/api/stock.api.ts(21,30): error TS2347: Untyped function calls may not accept type arguments.
src/features/stock/api/stock.api.ts(25,22): error TS2347: Untyped function calls may not accept type arguments.
src/features/stock/api/stock.api.ts(33,20): error TS2347: Untyped function calls may not accept type arguments.
src/features/stock/api/stock.api.ts(40,24): error TS2347: Untyped function calls may not accept type arguments.
src/features/stock/api/stock.api.ts(51,24): error TS2347: Untyped function calls may not accept type arguments.
src/features/stock/api/stock.api.ts(58,22): error TS2347: Untyped function calls may not accept type arguments.
src/features/stock/api/stock.api.ts(64,28): error TS2347: Untyped function calls may not accept type arguments.
src/features/stock/api/stock.api.ts(68,29): error TS2347: Untyped function calls may not accept type arguments.
src/features/stock/api/stock.api.ts(77,20): error TS2347: Untyped function calls may not accept type arguments.
src/features/stock/api/stock.api.ts(81,28): error TS2347: Untyped function calls may not accept type arguments.
src/features/stock/api/stock.api.ts(85,22): error TS2347: Untyped function calls may not accept type arguments.
src/features/stock/api/stock.api.ts(89,22): error TS2347: Untyped function calls may not accept type arguments.
src/features/stock/api/stock.api.ts(93,29): error TS2347: Untyped function calls may not accept type arguments.
src/features/stock/api/stock.api.ts(97,29): error TS2347: Untyped function calls may not accept type arguments.
src/features/stock/api/stock.api.ts(109,26): error TS2347: Untyped function calls may not accept type arguments.
src/pages/AdminMovementsPage.tsx(9,29): error TS2792: Cannot find module 'react-redux'. Did you mean to set the 'moduleResolution' option to 'nodenext', or to add aliases to the 'paths' option?
src/pages/AdminMovementsPage.tsx(55,13): error TS2339: Property 'div' does not exist on type 'JSX.IntrinsicElements'.
src/pages/AdminMovementsPage.tsx(56,17): error TS2339: Property 'h2' does not exist on type 'JSX.IntrinsicElements'.
src/pages/AdminMovementsPage.tsx(56,39): error TS2339: Property 'h2' does not exist on type 'JSX.IntrinsicElements'.
src/pages/AdminMovementsPage.tsx(57,17): error TS2339: Property 'p' does not exist on type 'JSX.IntrinsicElements'.
src/pages/AdminMovementsPage.tsx(57,74): error TS2339: Property 'p' does not exist on type 'JSX.IntrinsicElements'.
src/pages/AdminMovementsPage.tsx(58,13): error TS2339: Property 'div' does not exist on type 'JSX.IntrinsicElements'.
src/pages/AdminMovementsPage.tsx(85,13): error TS2339: Property 'span' does not exist on type 'JSX.IntrinsicElements'.
src/pages/AdminMovementsPage.tsx(85,95): error TS2339: Property 'span' does not exist on type 'JSX.IntrinsicElements'.
src/pages/AdminMovementsPage.tsx(87,13): error TS2339: Property 'span' does not exist on type 'JSX.IntrinsicElements'.
src/pages/AdminMovementsPage.tsx(87,74): error TS2339: Property 'span' does not exist on type 'JSX.IntrinsicElements'.
src/pages/AdminMovementsPage.tsx(88,13): error TS2339: Property 'div' does not exist on type 'JSX.IntrinsicElements'.
src/pages/AdminMovementsPage.tsx(89,17): error TS2339: Property 'span' does not exist on type 'JSX.IntrinsicElements'.
src/pages/AdminMovementsPage.tsx(89,97): error TS2339: Property 'span' does not exist on type 'JSX.IntrinsicElements'.
src/pages/AdminMovementsPage.tsx(90,17): error TS2339: Property 'code' does not exist on type 'JSX.IntrinsicElements'.
src/pages/AdminMovementsPage.tsx(90,103): error TS2339: Property 'code' does not exist on type 'JSX.IntrinsicElements'.
src/pages/AdminMovementsPage.tsx(91,13): error TS2339: Property 'div' does not exist on type 'JSX.IntrinsicElements'.
src/pages/AdminMovementsPage.tsx(92,13): error TS2339: Property 'span' does not exist on type 'JSX.IntrinsicElements'.
src/pages/AdminMovementsPage.tsx(92,76): error TS2339: Property 'span' does not exist on type 'JSX.IntrinsicElements'.
src/pages/AdminMovementsPage.tsx(93,13): error TS2339: Property 'div' does not exist on type 'JSX.IntrinsicElements'.
src/pages/AdminMovementsPage.tsx(94,17): error TS2339: Property 'span' does not exist on type 'JSX.IntrinsicElements'.
src/pages/AdminMovementsPage.tsx(94,130): error TS2339: Property 'span' does not exist on type 'JSX.IntrinsicElements'.
src/pages/AdminMovementsPage.tsx(95,45): error TS2339: Property 'span' does not exist on type 'JSX.IntrinsicElements'.
src/pages/AdminMovementsPage.tsx(95,148): error TS2339: Property 'span' does not exist on type 'JSX.IntrinsicElements'.
src/pages/AdminMovementsPage.tsx(96,13): error TS2339: Property 'div' does not exist on type 'JSX.IntrinsicElements'.
src/pages/AdminMovementsPage.tsx(98,13): error TS2339: Property 'div' does not exist on type 'JSX.IntrinsicElements'.
src/pages/AdminMovementsPage.tsx(98,176): error TS2339: Property 'div' does not exist on type 'JSX.IntrinsicElements'.
src/pages/AdminMovementsPage.tsx(110,13): error TS2339: Property 'div' does not exist on type 'JSX.IntrinsicElements'.
src/pages/AdminMovementsPage.tsx(111,17): error TS2339: Property 'div' does not exist on type 'JSX.IntrinsicElements'.
src/pages/AdminMovementsPage.tsx(112,21): error TS2339: Property 'div' does not exist on type 'JSX.IntrinsicElements'.
src/pages/AdminMovementsPage.tsx(114,25): error TS2339: Property 'span' does not exist on type 'JSX.IntrinsicElements'.
src/pages/AdminMovementsPage.tsx(114,125): error TS2339: Property 'span' does not exist on type 'JSX.IntrinsicElements'.
src/pages/AdminMovementsPage.tsx(115,21): error TS2339: Property 'div' does not exist on type 'JSX.IntrinsicElements'.
src/pages/AdminMovementsPage.tsx(117,17): error TS2339: Property 'div' does not exist on type 'JSX.IntrinsicElements'.
src/pages/AdminMovementsPage.tsx(119,17): error TS2339: Property 'div' does not exist on type 'JSX.IntrinsicElements'.
src/pages/AdminMovementsPage.tsx(119,114): error TS2339: Property 'div' does not exist on type 'JSX.IntrinsicElements'.
src/pages/AdminMovementsPage.tsx(121,17): error TS2339: Property 'div' does not exist on type 'JSX.IntrinsicElements'.
src/pages/AdminMovementsPage.tsx(122,21): error TS2339: Property 'div' does not exist on type 'JSX.IntrinsicElements'.
src/pages/AdminMovementsPage.tsx(123,25): error TS2339: Property 'div' does not exist on type 'JSX.IntrinsicElements'.
src/pages/AdminMovementsPage.tsx(123,113): error TS2339: Property 'div' does not exist on type 'JSX.IntrinsicElements'.
src/pages/AdminMovementsPage.tsx(124,25): error TS2339: Property 'div' does not exist on type 'JSX.IntrinsicElements'.
src/pages/AdminMovementsPage.tsx(124,137): error TS2339: Property 'div' does not exist on type 'JSX.IntrinsicElements'.
src/pages/AdminMovementsPage.tsx(125,21): error TS2339: Property 'div' does not exist on type 'JSX.IntrinsicElements'.
src/pages/AdminMovementsPage.tsx(126,21): error TS2339: Property 'div' does not exist on type 'JSX.IntrinsicElements'.
src/pages/AdminMovementsPage.tsx(127,25): error TS2339: Property 'div' does not exist on type 'JSX.IntrinsicElements'.
src/pages/AdminMovementsPage.tsx(127,109): error TS2339: Property 'div' does not exist on type 'JSX.IntrinsicElements'.
src/pages/AdminMovementsPage.tsx(128,25): error TS2339: Property 'code' does not exist on type 'JSX.IntrinsicElements'.
src/pages/AdminMovementsPage.tsx(128,87): error TS2339: Property 'code' does not exist on type 'JSX.IntrinsicElements'.
src/pages/AdminMovementsPage.tsx(129,21): error TS2339: Property 'div' does not exist on type 'JSX.IntrinsicElements'.
src/pages/AdminMovementsPage.tsx(130,17): error TS2339: Property 'div' does not exist on type 'JSX.IntrinsicElements'.
src/pages/AdminMovementsPage.tsx(132,17): error TS2339: Property 'div' does not exist on type 'JSX.IntrinsicElements'.
src/pages/AdminMovementsPage.tsx(133,21): error TS2339: Property 'span' does not exist on type 'JSX.IntrinsicElements'.
src/pages/AdminMovementsPage.tsx(133,82): error TS2339: Property 'span' does not exist on type 'JSX.IntrinsicElements'.
src/pages/AdminMovementsPage.tsx(134,21): error TS2339: Property 'span' does not exist on type 'JSX.IntrinsicElements'.
src/pages/AdminMovementsPage.tsx(134,61): error TS2339: Property 'span' does not exist on type 'JSX.IntrinsicElements'.
src/pages/AdminMovementsPage.tsx(135,17): error TS2339: Property 'div' does not exist on type 'JSX.IntrinsicElements'.
src/pages/AdminMovementsPage.tsx(137,37): error TS2339: Property 'div' does not exist on type 'JSX.IntrinsicElements'.
src/pages/AdminMovementsPage.tsx(137,180): error TS2339: Property 'div' does not exist on type 'JSX.IntrinsicElements'.
src/pages/AdminMovementsPage.tsx(139,17): error TS2339: Property 'div' does not exist on type 'JSX.IntrinsicElements'.
src/pages/AdminMovementsPage.tsx(141,17): error TS2339: Property 'div' does not exist on type 'JSX.IntrinsicElements'.
src/pages/AdminMovementsPage.tsx(142,13): error TS2339: Property 'div' does not exist on type 'JSX.IntrinsicElements'.
src/pages/AdminMovementsPage.tsx(147,9): error TS2339: Property 'div' does not exist on type 'JSX.IntrinsicElements'.
src/pages/AdminMovementsPage.tsx(148,13): error TS2339: Property 'style' does not exist on type 'JSX.IntrinsicElements'.
src/pages/AdminMovementsPage.tsx(162,15): error TS2339: Property 'style' does not exist on type 'JSX.IntrinsicElements'.
src/pages/AdminMovementsPage.tsx(170,17): error TS2339: Property 'div' does not exist on type 'JSX.IntrinsicElements'.
src/pages/AdminMovementsPage.tsx(171,21): error TS2339: Property 'div' does not exist on type 'JSX.IntrinsicElements'.
src/pages/AdminMovementsPage.tsx(172,25): error TS2339: Property 'label' does not exist on type 'JSX.IntrinsicElements'.
src/pages/AdminMovementsPage.tsx(172,126): error TS2339: Property 'label' does not exist on type 'JSX.IntrinsicElements'.
src/pages/AdminMovementsPage.tsx(173,25): error TS2339: Property 'input' does not exist on type 'JSX.IntrinsicElements'.
src/pages/AdminMovementsPage.tsx(174,21): error TS2339: Property 'div' does not exist on type 'JSX.IntrinsicElements'.
src/pages/AdminMovementsPage.tsx(175,21): error TS2339: Property 'div' does not exist on type 'JSX.IntrinsicElements'.
src/pages/AdminMovementsPage.tsx(176,25): error TS2339: Property 'label' does not exist on type 'JSX.IntrinsicElements'.
src/pages/AdminMovementsPage.tsx(176,126): error TS2339: Property 'label' does not exist on type 'JSX.IntrinsicElements'.
src/pages/AdminMovementsPage.tsx(177,25): error TS2339: Property 'input' does not exist on type 'JSX.IntrinsicElements'.
src/pages/AdminMovementsPage.tsx(178,21): error TS2339: Property 'div' does not exist on type 'JSX.IntrinsicElements'.
src/pages/AdminMovementsPage.tsx(198,17): error TS2339: Property 'div' does not exist on type 'JSX.IntrinsicElements'.
src/pages/AdminMovementsPage.tsx(208,9): error TS2339: Property 'div' does not exist on type 'JSX.IntrinsicElements'.
src/pages/common/ui.tsx(15,9): error TS2339: Property 'div' does not exist on type 'JSX.IntrinsicElements'.
src/pages/common/ui.tsx(16,13): error TS2339: Property 'div' does not exist on type 'JSX.IntrinsicElements'.
src/pages/common/ui.tsx(17,17): error TS2339: Property 'h1' does not exist on type 'JSX.IntrinsicElements'.
src/pages/common/ui.tsx(17,103): error TS2339: Property 'h1' does not exist on type 'JSX.IntrinsicElements'.
src/pages/common/ui.tsx(18,30): error TS2339: Property 'p' does not exist on type 'JSX.IntrinsicElements'.
src/pages/common/ui.tsx(18,109): error TS2339: Property 'p' does not exist on type 'JSX.IntrinsicElements'.
src/pages/common/ui.tsx(19,13): error TS2339: Property 'div' does not exist on type 'JSX.IntrinsicElements'.
src/pages/common/ui.tsx(20,13): error TS2339: Property 'div' does not exist on type 'JSX.IntrinsicElements'.
src/pages/common/ui.tsx(20,68): error TS2339: Property 'div' does not exist on type 'JSX.IntrinsicElements'.
src/pages/common/ui.tsx(21,9): error TS2339: Property 'div' does not exist on type 'JSX.IntrinsicElements'.
src/pages/common/ui.tsx(32,9): error TS2339: Property 'div' does not exist on type 'JSX.IntrinsicElements'.
src/pages/common/ui.tsx(38,9): error TS2339: Property 'div' does not exist on type 'JSX.IntrinsicElements'.
src/pages/common/ui.tsx(53,9): error TS2339: Property 'button' does not exist on type 'JSX.IntrinsicElements'.
src/pages/common/ui.tsx(64,20): error TS2339: Property 'button' does not exist on type 'JSX.IntrinsicElements'.
src/pages/common/ui.tsx(73,9): error TS2339: Property 'div' does not exist on type 'JSX.IntrinsicElements'.
src/pages/common/ui.tsx(74,23): error TS2339: Property 'label' does not exist on type 'JSX.IntrinsicElements'.
src/pages/common/ui.tsx(74,123): error TS2339: Property 'label' does not exist on type 'JSX.IntrinsicElements'.
src/pages/common/ui.tsx(75,13): error TS2339: Property 'input' does not exist on type 'JSX.IntrinsicElements'.
src/pages/common/ui.tsx(82,9): error TS2339: Property 'div' does not exist on type 'JSX.IntrinsicElements'.
src/pages/common/ui.tsx(92,9): error TS2339: Property 'div' does not exist on type 'JSX.IntrinsicElements'.
src/pages/common/ui.tsx(93,23): error TS2339: Property 'label' does not exist on type 'JSX.IntrinsicElements'.
src/pages/common/ui.tsx(93,123): error TS2339: Property 'label' does not exist on type 'JSX.IntrinsicElements'.
src/pages/common/ui.tsx(94,13): error TS2339: Property 'select' does not exist on type 'JSX.IntrinsicElements'.
src/pages/common/ui.tsx(105,35): error TS2339: Property 'option' does not exist on type 'JSX.IntrinsicElements'.
src/pages/common/ui.tsx(105,82): error TS2339: Property 'option' does not exist on type 'JSX.IntrinsicElements'.
src/pages/common/ui.tsx(106,13): error TS2339: Property 'select' does not exist on type 'JSX.IntrinsicElements'.
src/pages/common/ui.tsx(107,9): error TS2339: Property 'div' does not exist on type 'JSX.IntrinsicElements'.
src/pages/common/ui.tsx(117,9): error TS2339: Property 'div' does not exist on type 'JSX.IntrinsicElements'.
src/pages/common/ui.tsx(118,23): error TS2339: Property 'label' does not exist on type 'JSX.IntrinsicElements'.
src/pages/common/ui.tsx(118,123): error TS2339: Property 'label' does not exist on type 'JSX.IntrinsicElements'.
src/pages/common/ui.tsx(119,13): error TS2339: Property 'select' does not exist on type 'JSX.IntrinsicElements'.
src/pages/common/ui.tsx(127,17): error TS2339: Property 'option' does not exist on type 'JSX.IntrinsicElements'.
src/pages/common/ui.tsx(127,50): error TS2339: Property 'option' does not exist on type 'JSX.IntrinsicElements'.
src/pages/common/ui.tsx(129,21): error TS2339: Property 'optgroup' does not exist on type 'JSX.IntrinsicElements'.
src/pages/common/ui.tsx(130,45): error TS2339: Property 'option' does not exist on type 'JSX.IntrinsicElements'.
src/pages/common/ui.tsx(130,92): error TS2339: Property 'option' does not exist on type 'JSX.IntrinsicElements'.
src/pages/common/ui.tsx(131,21): error TS2339: Property 'optgroup' does not exist on type 'JSX.IntrinsicElements'.
src/pages/common/ui.tsx(133,13): error TS2339: Property 'select' does not exist on type 'JSX.IntrinsicElements'.
src/pages/common/ui.tsx(134,9): error TS2339: Property 'div' does not exist on type 'JSX.IntrinsicElements'.
src/pages/common/ui.tsx(140,9): error TS2339: Property 'div' does not exist on type 'JSX.IntrinsicElements'.
src/pages/common/ui.tsx(141,13): error TS2339: Property 'div' does not exist on type 'JSX.IntrinsicElements'.
src/pages/common/ui.tsx(146,17): error TS2339: Property 'div' does not exist on type 'JSX.IntrinsicElements'.
src/pages/common/ui.tsx(147,21): error TS2339: Property 'h2' does not exist on type 'JSX.IntrinsicElements'.
src/pages/common/ui.tsx(147,107): error TS2339: Property 'h2' does not exist on type 'JSX.IntrinsicElements'.
src/pages/common/ui.tsx(148,21): error TS2339: Property 'button' does not exist on type 'JSX.IntrinsicElements'.
src/pages/common/ui.tsx(148,150): error TS2339: Property 'button' does not exist on type 'JSX.IntrinsicElements'.
src/pages/common/ui.tsx(149,17): error TS2339: Property 'div' does not exist on type 'JSX.IntrinsicElements'.
src/pages/common/ui.tsx(151,13): error TS2339: Property 'div' does not exist on type 'JSX.IntrinsicElements'.
src/pages/common/ui.tsx(152,9): error TS2339: Property 'div' does not exist on type 'JSX.IntrinsicElements'.
src/pages/common/ui.tsx(158,9): error TS2339: Property 'div' does not exist on type 'JSX.IntrinsicElements'.
src/pages/common/ui.tsx(159,13): error TS2339: Property 'div' does not exist on type 'JSX.IntrinsicElements'.
src/pages/common/ui.tsx(163,16): error TS2339: Property 'div' does not exist on type 'JSX.IntrinsicElements'.
src/pages/common/ui.tsx(164,13): error TS2339: Property 'style' does not exist on type 'JSX.IntrinsicElements'.
src/pages/common/ui.tsx(166,15): error TS2339: Property 'style' does not exist on type 'JSX.IntrinsicElements'.
src/pages/common/ui.tsx(167,9): error TS2339: Property 'div' does not exist on type 'JSX.IntrinsicElements'.
src/pages/common/ui.tsx(173,9): error TS2339: Property 'div' does not exist on type 'JSX.IntrinsicElements'.
src/pages/common/ui.tsx(174,13): error TS2339: Property 'table' does not exist on type 'JSX.IntrinsicElements'.
src/pages/common/ui.tsx(175,17): error TS2339: Property 'thead' does not exist on type 'JSX.IntrinsicElements'.
src/pages/common/ui.tsx(176,21): error TS2339: Property 'tr' does not exist on type 'JSX.IntrinsicElements'.
src/pages/common/ui.tsx(178,29): error TS2339: Property 'th' does not exist on type 'JSX.IntrinsicElements'.
src/pages/common/ui.tsx(178,202): error TS2339: Property 'th' does not exist on type 'JSX.IntrinsicElements'.
src/pages/common/ui.tsx(180,21): error TS2339: Property 'tr' does not exist on type 'JSX.IntrinsicElements'.
src/pages/common/ui.tsx(181,17): error TS2339: Property 'thead' does not exist on type 'JSX.IntrinsicElements'.
src/pages/common/ui.tsx(182,17): error TS2339: Property 'tbody' does not exist on type 'JSX.IntrinsicElements'.
src/pages/common/ui.tsx(184,25): error TS2339: Property 'tr' does not exist on type 'JSX.IntrinsicElements'.
src/pages/common/ui.tsx(184,29): error TS2339: Property 'td' does not exist on type 'JSX.IntrinsicElements'.
src/pages/common/ui.tsx(184,164): error TS2339: Property 'td' does not exist on type 'JSX.IntrinsicElements'.
src/pages/common/ui.tsx(184,169): error TS2339: Property 'tr' does not exist on type 'JSX.IntrinsicElements'.
src/pages/common/ui.tsx(187,25): error TS2339: Property 'tr' does not exist on type 'JSX.IntrinsicElements'.
src/pages/common/ui.tsx(187,29): error TS2339: Property 'td' does not exist on type 'JSX.IntrinsicElements'.
src/pages/common/ui.tsx(187,66): error TS2339: Property 'td' does not exist on type 'JSX.IntrinsicElements'.
src/pages/common/ui.tsx(187,71): error TS2339: Property 'tr' does not exist on type 'JSX.IntrinsicElements'.
src/pages/common/ui.tsx(190,25): error TS2339: Property 'tr' does not exist on type 'JSX.IntrinsicElements'.
src/pages/common/ui.tsx(192,33): error TS2339: Property 'td' does not exist on type 'JSX.IntrinsicElements'.
src/pages/common/ui.tsx(192,120): error TS2339: Property 'td' does not exist on type 'JSX.IntrinsicElements'.
src/pages/common/ui.tsx(194,25): error TS2339: Property 'tr' does not exist on type 'JSX.IntrinsicElements'.
src/pages/common/ui.tsx(196,17): error TS2339: Property 'tbody' does not exist on type 'JSX.IntrinsicElements'.
src/pages/common/ui.tsx(197,13): error TS2339: Property 'table' does not exist on type 'JSX.IntrinsicElements'.
src/pages/common/ui.tsx(198,9): error TS2339: Property 'div' does not exist on type 'JSX.IntrinsicElements'.
src/pages/common/ui.tsx(215,9): error TS2339: Property 'div' does not exist on type 'JSX.IntrinsicElements'.
src/pages/common/ui.tsx(216,13): error TS2339: Property 'button' does not exist on type 'JSX.IntrinsicElements'.
src/pages/common/ui.tsx(221,13): error TS2339: Property 'button' does not exist on type 'JSX.IntrinsicElements'.
src/pages/common/ui.tsx(223,17): error TS2339: Property 'div' does not exist on type 'JSX.IntrinsicElements'.
src/pages/common/ui.tsx(230,25): error TS2339: Property 'div' does not exist on type 'JSX.IntrinsicElements'.
src/pages/common/ui.tsx(240,42): error TS2339: Property 'span' does not exist on type 'JSX.IntrinsicElements'.
src/pages/common/ui.tsx(240,58): error TS2339: Property 'span' does not exist on type 'JSX.IntrinsicElements'.
src/pages/common/ui.tsx(242,25): error TS2339: Property 'div' does not exist on type 'JSX.IntrinsicElements'.
src/pages/common/ui.tsx(244,21): error TS2339: Property 'style' does not exist on type 'JSX.IntrinsicElements'.
src/pages/common/ui.tsx(244,96): error TS2339: Property 'style' does not exist on type 'JSX.IntrinsicElements'.
src/pages/common/ui.tsx(245,17): error TS2339: Property 'div' does not exist on type 'JSX.IntrinsicElements'.
src/pages/common/ui.tsx(247,9): error TS2339: Property 'div' does not exist on type 'JSX.IntrinsicElements'.
src/pages/common/ui.tsx(267,35): error TS2339: Property 'div' does not exist on type 'JSX.IntrinsicElements'.
src/pages/common/ui.tsx(267,188): error TS2339: Property 'div' does not exist on type 'JSX.IntrinsicElements'.
src/pages/common/ui.tsx(271,13): error TS2339: Property 'div' does not exist on type 'JSX.IntrinsicElements'.
src/pages/common/ui.tsx(277,13): error TS2339: Property 'div' does not exist on type 'JSX.IntrinsicElements'.
src/pages/common/ui.tsx(291,9): error TS2339: Property 'span' does not exist on type 'JSX.IntrinsicElements'.
src/pages/common/ui.tsx(293,9): error TS2339: Property 'span' does not exist on type 'JSX.IntrinsicElements'.
src/pages/common/ui.tsx(299,9): error TS2339: Property 'div' does not exist on type 'JSX.IntrinsicElements'.
src/pages/common/ui.tsx(300,13): error TS2339: Property 'span' does not exist on type 'JSX.IntrinsicElements'.
src/pages/common/ui.tsx(300,129): error TS2339: Property 'span' does not exist on type 'JSX.IntrinsicElements'.
src/pages/common/ui.tsx(301,13): error TS2339: Property 'input' does not exist on type 'JSX.IntrinsicElements'.
src/pages/common/ui.tsx(308,9): error TS2339: Property 'div' does not exist on type 'JSX.IntrinsicElements'.
src/pages/common/ui.tsx(314,9): error TS2339: Property 'span' does not exist on type 'JSX.IntrinsicElements'.
src/pages/common/ui.tsx(321,11): error TS2339: Property 'span' does not exist on type 'JSX.IntrinsicElements'.
src/pages/common/ui.tsx(347,9): error TS2339: Property 'span' does not exist on type 'JSX.IntrinsicElements'.
src/pages/common/ui.tsx(358,24): error TS2339: Property 'span' does not exist on type 'JSX.IntrinsicElements'.
src/pages/common/ui.tsx(362,9): error TS2339: Property 'input' does not exist on type 'JSX.IntrinsicElements'.
src/shared/api.ts(1,43): error TS2792: Cannot find module '@reduxjs/toolkit/query/react'. Did you mean to set the 'moduleResolution' option to 'nodenext', or to add aliases to the 'paths' option?
src/shared/api.ts(2,66): error TS2792: Cannot find module '@reduxjs/toolkit/query/react'. Did you mean to set the 'moduleResolution' option to 'nodenext', or to add aliases to the 'paths' option?
src/shared/api.ts(4,17): error TS1343: The 'import.meta' meta-property is only allowed when the '--module' option is 'es2020', 'es2022', 'esnext', 'system', 'node16', 'node18', 'node20', or 'nodenext'.
src/shared/api.ts(4,29): error TS2339: Property 'env' does not exist on type 'ImportMeta'.
